[2022-01-21T20:18:16.554+0900][gc] Using G1
[2022-01-21T20:18:16.558+0900][gc,init] Version: 16.0.2+7-67 (release)
[2022-01-21T20:18:16.558+0900][gc,init] CPUs: 8 total, 8 available
[2022-01-21T20:18:16.558+0900][gc,init] Memory: 8192M
[2022-01-21T20:18:16.558+0900][gc,init] Large Page Support: Disabled
[2022-01-21T20:18:16.558+0900][gc,init] NUMA Support: Disabled
[2022-01-21T20:18:16.558+0900][gc,init] Compressed Oops: Enabled (Zero based)
[2022-01-21T20:18:16.558+0900][gc,init] Heap Region Size: 1M
[2022-01-21T20:18:16.558+0900][gc,init] Heap Min Capacity: 1G
[2022-01-21T20:18:16.558+0900][gc,init] Heap Initial Capacity: 1G
[2022-01-21T20:18:16.558+0900][gc,init] Heap Max Capacity: 1G
[2022-01-21T20:18:16.558+0900][gc,init] Pre-touch: Disabled
[2022-01-21T20:18:16.558+0900][gc,init] Parallel Workers: 8
[2022-01-21T20:18:16.558+0900][gc,init] Concurrent Workers: 2
[2022-01-21T20:18:16.558+0900][gc,init] Concurrent Refinement Workers: 8
[2022-01-21T20:18:16.558+0900][gc,init] Periodic GC: Disabled
[2022-01-21T20:18:16.559+0900][gc,metaspace] CDS archive(s) mapped at: [0x0000000800000000-0x0000000800bb9000-0x0000000800bb9000), size 12292096, SharedBaseAddress: 0x0000000800000000, ArchiveRelocationMode: 0.
[2022-01-21T20:18:16.559+0900][gc,metaspace] Compressed class space mapped at: 0x0000000800c00000-0x0000000840c00000, reserved size: 1073741824
[2022-01-21T20:18:16.559+0900][gc,metaspace] Narrow klass base: 0x0000000800000000, Narrow klass shift: 3, Narrow klass range: 0x100000000
[2022-01-21T20:18:18.623+0900][gc,start    ] GC(0) Pause Young (Normal) (G1 Evacuation Pause)
[2022-01-21T20:18:18.623+0900][gc,task     ] GC(0) Using 8 workers of 8 for evacuation
[2022-01-21T20:18:18.634+0900][gc,phases   ] GC(0)   Pre Evacuate Collection Set: 0.5ms
[2022-01-21T20:18:18.634+0900][gc,phases   ] GC(0)   Merge Heap Roots: 0.0ms
[2022-01-21T20:18:18.634+0900][gc,phases   ] GC(0)   Evacuate Collection Set: 9.5ms
[2022-01-21T20:18:18.634+0900][gc,phases   ] GC(0)   Post Evacuate Collection Set: 0.6ms
[2022-01-21T20:18:18.634+0900][gc,phases   ] GC(0)   Other: 0.6ms
[2022-01-21T20:18:18.634+0900][gc,heap     ] GC(0) Eden regions: 51->0(44)
[2022-01-21T20:18:18.634+0900][gc,heap     ] GC(0) Survivor regions: 0->7(7)
[2022-01-21T20:18:18.634+0900][gc,heap     ] GC(0) Old regions: 0->1
[2022-01-21T20:18:18.634+0900][gc,heap     ] GC(0) Archive regions: 2->2
[2022-01-21T20:18:18.634+0900][gc,heap     ] GC(0) Humongous regions: 0->0
[2022-01-21T20:18:18.634+0900][gc,metaspace] GC(0) Metaspace: 18002K(18176K)->18002K(18176K) NonClass: 15870K(15936K)->15870K(15936K) Class: 2131K(2240K)->2131K(2240K)
[2022-01-21T20:18:18.634+0900][gc          ] GC(0) Pause Young (Normal) (G1 Evacuation Pause) 51M->8M(1024M) 11.438ms
[2022-01-21T20:18:18.634+0900][gc,cpu      ] GC(0) User=0.03s Sys=0.01s Real=0.01s
[2022-01-21T20:18:19.102+0900][gc,start    ] GC(1) Pause Young (Concurrent Start) (Metadata GC Threshold)
[2022-01-21T20:18:19.102+0900][gc,task     ] GC(1) Using 8 workers of 8 for evacuation
[2022-01-21T20:18:19.111+0900][gc,phases   ] GC(1)   Pre Evacuate Collection Set: 0.1ms
[2022-01-21T20:18:19.111+0900][gc,phases   ] GC(1)   Merge Heap Roots: 0.0ms
[2022-01-21T20:18:19.111+0900][gc,phases   ] GC(1)   Evacuate Collection Set: 7.5ms
[2022-01-21T20:18:19.111+0900][gc,phases   ] GC(1)   Post Evacuate Collection Set: 0.3ms
[2022-01-21T20:18:19.111+0900][gc,phases   ] GC(1)   Other: 0.5ms
[2022-01-21T20:18:19.111+0900][gc,heap     ] GC(1) Eden regions: 13->0(49)
[2022-01-21T20:18:19.111+0900][gc,heap     ] GC(1) Survivor regions: 7->2(7)
[2022-01-21T20:18:19.111+0900][gc,heap     ] GC(1) Old regions: 1->7
[2022-01-21T20:18:19.111+0900][gc,heap     ] GC(1) Archive regions: 2->2
[2022-01-21T20:18:19.111+0900][gc,heap     ] GC(1) Humongous regions: 129->129
[2022-01-21T20:18:19.111+0900][gc,metaspace] GC(1) Metaspace: 21015K(21248K)->21015K(21248K) NonClass: 18498K(18560K)->18498K(18560K) Class: 2517K(2688K)->2517K(2688K)
[2022-01-21T20:18:19.111+0900][gc          ] GC(1) Pause Young (Concurrent Start) (Metadata GC Threshold) 149M->138M(1024M) 8.582ms
[2022-01-21T20:18:19.111+0900][gc,cpu      ] GC(1) User=0.02s Sys=0.01s Real=0.01s
[2022-01-21T20:18:19.111+0900][gc          ] GC(2) Concurrent Mark Cycle
[2022-01-21T20:18:19.111+0900][gc,marking  ] GC(2) Concurrent Clear Claimed Marks
[2022-01-21T20:18:19.111+0900][gc,marking  ] GC(2) Concurrent Clear Claimed Marks 0.017ms
[2022-01-21T20:18:19.111+0900][gc,marking  ] GC(2) Concurrent Scan Root Regions
[2022-01-21T20:18:19.113+0900][gc,marking  ] GC(2) Concurrent Scan Root Regions 2.203ms
[2022-01-21T20:18:19.114+0900][gc,marking  ] GC(2) Concurrent Mark
[2022-01-21T20:18:19.114+0900][gc,marking  ] GC(2) Concurrent Mark From Roots
[2022-01-21T20:18:19.117+0900][gc,task     ] GC(2) Using 2 workers of 2 for marking
[2022-01-21T20:18:19.119+0900][gc,marking  ] GC(2) Concurrent Mark From Roots 4.800ms
[2022-01-21T20:18:19.120+0900][gc,marking  ] GC(2) Concurrent Preclean
[2022-01-21T20:18:19.120+0900][gc,marking  ] GC(2) Concurrent Preclean 0.032ms
[2022-01-21T20:18:19.121+0900][gc,start    ] GC(2) Pause Remark
[2022-01-21T20:18:19.128+0900][gc          ] GC(2) Pause Remark 139M->139M(1024M) 6.882ms
[2022-01-21T20:18:19.128+0900][gc,cpu      ] GC(2) User=0.01s Sys=0.01s Real=0.00s
[2022-01-21T20:18:19.128+0900][gc,marking  ] GC(2) Concurrent Mark 13.911ms
[2022-01-21T20:18:19.128+0900][gc,marking  ] GC(2) Concurrent Rebuild Remembered Sets
[2022-01-21T20:18:19.129+0900][gc,marking  ] GC(2) Concurrent Rebuild Remembered Sets 1.599ms
[2022-01-21T20:18:19.129+0900][gc,start    ] GC(2) Pause Cleanup
[2022-01-21T20:18:19.130+0900][gc          ] GC(2) Pause Cleanup 139M->139M(1024M) 0.071ms
[2022-01-21T20:18:19.130+0900][gc,cpu      ] GC(2) User=0.00s Sys=0.00s Real=0.01s
[2022-01-21T20:18:19.130+0900][gc,marking  ] GC(2) Concurrent Cleanup for Next Mark
[2022-01-21T20:18:19.134+0900][gc,marking  ] GC(2) Concurrent Cleanup for Next Mark 4.018ms
[2022-01-21T20:18:19.137+0900][gc          ] GC(2) Concurrent Mark Cycle 25.472ms
[2022-01-21T20:18:20.323+0900][gc,start    ] GC(3) Pause Young (Normal) (G1 Evacuation Pause)
[2022-01-21T20:18:20.323+0900][gc,task     ] GC(3) Using 8 workers of 8 for evacuation
[2022-01-21T20:18:20.329+0900][gc,phases   ] GC(3)   Pre Evacuate Collection Set: 0.2ms
[2022-01-21T20:18:20.329+0900][gc,phases   ] GC(3)   Merge Heap Roots: 0.1ms
[2022-01-21T20:18:20.329+0900][gc,phases   ] GC(3)   Evacuate Collection Set: 4.9ms
[2022-01-21T20:18:20.329+0900][gc,phases   ] GC(3)   Post Evacuate Collection Set: 0.4ms
[2022-01-21T20:18:20.329+0900][gc,phases   ] GC(3)   Other: 0.1ms
[2022-01-21T20:18:20.329+0900][gc,heap     ] GC(3) Eden regions: 49->0(45)
[2022-01-21T20:18:20.329+0900][gc,heap     ] GC(3) Survivor regions: 2->6(7)
[2022-01-21T20:18:20.329+0900][gc,heap     ] GC(3) Old regions: 7->7
[2022-01-21T20:18:20.329+0900][gc,heap     ] GC(3) Archive regions: 2->2
[2022-01-21T20:18:20.329+0900][gc,heap     ] GC(3) Humongous regions: 129->129
[2022-01-21T20:18:20.329+0900][gc,metaspace] GC(3) Metaspace: 32462K(32768K)->32462K(32768K) NonClass: 28886K(29056K)->28886K(29056K) Class: 3575K(3712K)->3575K(3712K)
[2022-01-21T20:18:20.329+0900][gc          ] GC(3) Pause Young (Normal) (G1 Evacuation Pause) 187M->142M(1024M) 5.835ms
[2022-01-21T20:18:20.329+0900][gc,cpu      ] GC(3) User=0.02s Sys=0.01s Real=0.00s
[2022-01-22T00:18:46.656+0900][gc,start    ] GC(4) Pause Young (Normal) (G1 Evacuation Pause)
[2022-01-22T00:18:46.658+0900][gc,task     ] GC(4) Using 8 workers of 8 for evacuation
[2022-01-22T00:18:46.786+0900][gc,mmu      ] GC(4) MMU target violated: 21.0ms (20.0ms/21.0ms)
[2022-01-22T00:18:46.786+0900][gc,phases   ] GC(4)   Pre Evacuate Collection Set: 4.5ms
[2022-01-22T00:18:46.786+0900][gc,phases   ] GC(4)   Merge Heap Roots: 2.0ms
[2022-01-22T00:18:46.786+0900][gc,phases   ] GC(4)   Evacuate Collection Set: 116.3ms
[2022-01-22T00:18:46.786+0900][gc,phases   ] GC(4)   Post Evacuate Collection Set: 2.8ms
[2022-01-22T00:18:46.786+0900][gc,phases   ] GC(4)   Other: 6.9ms
[2022-01-22T00:18:46.786+0900][gc,heap     ] GC(4) Eden regions: 45->0(50)
[2022-01-22T00:18:46.786+0900][gc,heap     ] GC(4) Survivor regions: 6->1(7)
[2022-01-22T00:18:46.786+0900][gc,heap     ] GC(4) Old regions: 7->13
[2022-01-22T00:18:46.786+0900][gc,heap     ] GC(4) Archive regions: 2->2
[2022-01-22T00:18:46.786+0900][gc,heap     ] GC(4) Humongous regions: 129->129
[2022-01-22T00:18:46.786+0900][gc,metaspace] GC(4) Metaspace: 35106K(35328K)->35106K(35328K) NonClass: 31179K(31296K)->31179K(31296K) Class: 3927K(4032K)->3927K(4032K)
[2022-01-22T00:18:46.786+0900][gc          ] GC(4) Pause Young (Normal) (G1 Evacuation Pause) 187M->143M(1024M) 130.961ms
[2022-01-22T00:18:46.787+0900][gc,cpu      ] GC(4) User=0.05s Sys=0.07s Real=0.13s
[2022-01-22T00:31:34.314+0900][gc,start    ] GC(5) Pause Young (Concurrent Start) (Metadata GC Threshold)
[2022-01-22T00:31:34.314+0900][gc,task     ] GC(5) Using 8 workers of 8 for evacuation
[2022-01-22T00:31:34.326+0900][gc,phases   ] GC(5)   Pre Evacuate Collection Set: 0.5ms
[2022-01-22T00:31:34.326+0900][gc,phases   ] GC(5)   Merge Heap Roots: 0.0ms
[2022-01-22T00:31:34.326+0900][gc,phases   ] GC(5)   Evacuate Collection Set: 9.8ms
[2022-01-22T00:31:34.326+0900][gc,phases   ] GC(5)   Post Evacuate Collection Set: 0.4ms
[2022-01-22T00:31:34.326+0900][gc,phases   ] GC(5)   Other: 1.0ms
[2022-01-22T00:31:34.326+0900][gc,heap     ] GC(5) Eden regions: 8->0(50)
[2022-01-22T00:31:34.326+0900][gc,heap     ] GC(5) Survivor regions: 1->1(7)
[2022-01-22T00:31:34.326+0900][gc,heap     ] GC(5) Old regions: 13->13
[2022-01-22T00:31:34.326+0900][gc,heap     ] GC(5) Archive regions: 2->2
[2022-01-22T00:31:34.326+0900][gc,heap     ] GC(5) Humongous regions: 129->129
[2022-01-22T00:31:34.326+0900][gc,metaspace] GC(5) Metaspace: 35217K(35520K)->35217K(35520K) NonClass: 31271K(31424K)->31271K(31424K) Class: 3946K(4096K)->3946K(4096K)
[2022-01-22T00:31:34.326+0900][gc          ] GC(5) Pause Young (Concurrent Start) (Metadata GC Threshold) 150M->142M(1024M) 12.364ms
[2022-01-22T00:31:34.326+0900][gc,cpu      ] GC(5) User=0.01s Sys=0.01s Real=0.01s
[2022-01-22T00:31:34.328+0900][gc          ] GC(6) Concurrent Mark Cycle
[2022-01-22T00:31:34.328+0900][gc,marking  ] GC(6) Concurrent Clear Claimed Marks
[2022-01-22T00:31:34.328+0900][gc,marking  ] GC(6) Concurrent Clear Claimed Marks 0.027ms
[2022-01-22T00:31:34.328+0900][gc,marking  ] GC(6) Concurrent Scan Root Regions
[2022-01-22T00:31:34.333+0900][gc,marking  ] GC(6) Concurrent Scan Root Regions 5.144ms
[2022-01-22T00:31:34.333+0900][gc,marking  ] GC(6) Concurrent Mark
[2022-01-22T00:31:34.333+0900][gc,marking  ] GC(6) Concurrent Mark From Roots
[2022-01-22T00:31:34.333+0900][gc,task     ] GC(6) Using 2 workers of 2 for marking
[2022-01-22T00:31:34.347+0900][gc,marking  ] GC(6) Concurrent Mark From Roots 14.568ms
[2022-01-22T00:31:34.347+0900][gc,marking  ] GC(6) Concurrent Preclean
[2022-01-22T00:31:34.350+0900][gc,marking  ] GC(6) Concurrent Preclean 2.878ms
[2022-01-22T00:31:34.357+0900][gc,start    ] GC(6) Pause Remark
[2022-01-22T00:31:34.584+0900][gc,mmu      ] GC(6) MMU target violated: 21.0ms (20.0ms/21.0ms)
[2022-01-22T00:31:34.584+0900][gc          ] GC(6) Pause Remark 143M->143M(1024M) 227.257ms
[2022-01-22T00:31:34.584+0900][gc,cpu      ] GC(6) User=0.03s Sys=0.06s Real=0.23s
[2022-01-22T00:31:34.585+0900][gc,marking  ] GC(6) Concurrent Mark 251.791ms
[2022-01-22T00:31:34.585+0900][gc,marking  ] GC(6) Concurrent Rebuild Remembered Sets
[2022-01-22T00:31:34.592+0900][gc,marking  ] GC(6) Concurrent Rebuild Remembered Sets 7.138ms
[2022-01-22T00:31:34.594+0900][gc,start    ] GC(6) Pause Cleanup
[2022-01-22T00:31:34.594+0900][gc          ] GC(6) Pause Cleanup 143M->143M(1024M) 0.127ms
[2022-01-22T00:31:34.594+0900][gc,cpu      ] GC(6) User=0.00s Sys=0.00s Real=0.00s
[2022-01-22T00:31:34.596+0900][gc,marking  ] GC(6) Concurrent Cleanup for Next Mark
[2022-01-22T00:31:34.599+0900][gc,marking  ] GC(6) Concurrent Cleanup for Next Mark 3.589ms
[2022-01-22T00:31:34.599+0900][gc          ] GC(6) Concurrent Mark Cycle 271.870ms
[2022-01-22T00:31:38.736+0900][gc,heap,exit] Heap
[2022-01-22T00:31:38.736+0900][gc,heap,exit]  garbage-first heap   total 1048576K, used 156562K [0x00000007c0000000, 0x0000000800000000)
[2022-01-22T00:31:38.736+0900][gc,heap,exit]   region size 1024K, 11 young (11264K), 1 survivors (1024K)
[2022-01-22T00:31:38.736+0900][gc,heap,exit]  Metaspace       used 35757K, committed 36032K, reserved 1081344K
[2022-01-22T00:31:38.736+0900][gc,heap,exit]   class space    used 4063K, committed 4160K, reserved 1048576K
