[2022-01-22T00:36:03.506+0900][gc] Using G1
[2022-01-22T00:36:03.511+0900][gc,init] Version: 16.0.2+7-67 (release)
[2022-01-22T00:36:03.511+0900][gc,init] CPUs: 8 total, 8 available
[2022-01-22T00:36:03.511+0900][gc,init] Memory: 8192M
[2022-01-22T00:36:03.511+0900][gc,init] Large Page Support: Disabled
[2022-01-22T00:36:03.511+0900][gc,init] NUMA Support: Disabled
[2022-01-22T00:36:03.511+0900][gc,init] Compressed Oops: Enabled (Zero based)
[2022-01-22T00:36:03.511+0900][gc,init] Heap Region Size: 1M
[2022-01-22T00:36:03.511+0900][gc,init] Heap Min Capacity: 1G
[2022-01-22T00:36:03.511+0900][gc,init] Heap Initial Capacity: 1G
[2022-01-22T00:36:03.511+0900][gc,init] Heap Max Capacity: 1G
[2022-01-22T00:36:03.511+0900][gc,init] Pre-touch: Disabled
[2022-01-22T00:36:03.511+0900][gc,init] Parallel Workers: 8
[2022-01-22T00:36:03.511+0900][gc,init] Concurrent Workers: 2
[2022-01-22T00:36:03.511+0900][gc,init] Concurrent Refinement Workers: 8
[2022-01-22T00:36:03.511+0900][gc,init] Periodic GC: Disabled
[2022-01-22T00:36:03.511+0900][gc,metaspace] CDS archive(s) mapped at: [0x0000000800000000-0x0000000800bb9000-0x0000000800bb9000), size 12292096, SharedBaseAddress: 0x0000000800000000, ArchiveRelocationMode: 0.
[2022-01-22T00:36:03.511+0900][gc,metaspace] Compressed class space mapped at: 0x0000000800c00000-0x0000000840c00000, reserved size: 1073741824
[2022-01-22T00:36:03.511+0900][gc,metaspace] Narrow klass base: 0x0000000800000000, Narrow klass shift: 3, Narrow klass range: 0x100000000
[2022-01-22T00:36:05.271+0900][gc,start    ] GC(0) Pause Young (Normal) (G1 Evacuation Pause)
[2022-01-22T00:36:05.271+0900][gc,task     ] GC(0) Using 8 workers of 8 for evacuation
[2022-01-22T00:36:05.285+0900][gc,phases   ] GC(0)   Pre Evacuate Collection Set: 0.1ms
[2022-01-22T00:36:05.285+0900][gc,phases   ] GC(0)   Merge Heap Roots: 0.0ms
[2022-01-22T00:36:05.285+0900][gc,phases   ] GC(0)   Evacuate Collection Set: 12.3ms
[2022-01-22T00:36:05.285+0900][gc,phases   ] GC(0)   Post Evacuate Collection Set: 0.7ms
[2022-01-22T00:36:05.285+0900][gc,phases   ] GC(0)   Other: 0.6ms
[2022-01-22T00:36:05.285+0900][gc,heap     ] GC(0) Eden regions: 51->0(44)
[2022-01-22T00:36:05.285+0900][gc,heap     ] GC(0) Survivor regions: 0->7(7)
[2022-01-22T00:36:05.285+0900][gc,heap     ] GC(0) Old regions: 0->0
[2022-01-22T00:36:05.285+0900][gc,heap     ] GC(0) Archive regions: 2->2
[2022-01-22T00:36:05.285+0900][gc,heap     ] GC(0) Humongous regions: 0->0
[2022-01-22T00:36:05.285+0900][gc,metaspace] GC(0) Metaspace: 17961K(18176K)->17961K(18176K) NonClass: 15835K(15936K)->15835K(15936K) Class: 2125K(2240K)->2125K(2240K)
[2022-01-22T00:36:05.285+0900][gc          ] GC(0) Pause Young (Normal) (G1 Evacuation Pause) 51M->7M(1024M) 14.009ms
[2022-01-22T00:36:05.285+0900][gc,cpu      ] GC(0) User=0.03s Sys=0.01s Real=0.01s
[2022-01-22T00:36:05.659+0900][gc,start    ] GC(1) Pause Young (Concurrent Start) (Metadata GC Threshold)
[2022-01-22T00:36:05.659+0900][gc,task     ] GC(1) Using 8 workers of 8 for evacuation
[2022-01-22T00:36:05.667+0900][gc,phases   ] GC(1)   Pre Evacuate Collection Set: 0.1ms
[2022-01-22T00:36:05.668+0900][gc,phases   ] GC(1)   Merge Heap Roots: 0.1ms
[2022-01-22T00:36:05.668+0900][gc,phases   ] GC(1)   Evacuate Collection Set: 7.8ms
[2022-01-22T00:36:05.668+0900][gc,phases   ] GC(1)   Post Evacuate Collection Set: 0.3ms
[2022-01-22T00:36:05.668+0900][gc,phases   ] GC(1)   Other: 0.2ms
[2022-01-22T00:36:05.668+0900][gc,heap     ] GC(1) Eden regions: 14->0(49)
[2022-01-22T00:36:05.668+0900][gc,heap     ] GC(1) Survivor regions: 7->2(7)
[2022-01-22T00:36:05.668+0900][gc,heap     ] GC(1) Old regions: 0->7
[2022-01-22T00:36:05.668+0900][gc,heap     ] GC(1) Archive regions: 2->2
[2022-01-22T00:36:05.668+0900][gc,heap     ] GC(1) Humongous regions: 129->129
[2022-01-22T00:36:05.668+0900][gc,metaspace] GC(1) Metaspace: 21080K(21248K)->21080K(21248K) NonClass: 18556K(18624K)->18556K(18624K) Class: 2524K(2624K)->2524K(2624K)
[2022-01-22T00:36:05.668+0900][gc          ] GC(1) Pause Young (Concurrent Start) (Metadata GC Threshold) 149M->138M(1024M) 8.643ms
[2022-01-22T00:36:05.668+0900][gc,cpu      ] GC(1) User=0.02s Sys=0.01s Real=0.01s
[2022-01-22T00:36:05.668+0900][gc          ] GC(2) Concurrent Mark Cycle
[2022-01-22T00:36:05.668+0900][gc,marking  ] GC(2) Concurrent Clear Claimed Marks
[2022-01-22T00:36:05.669+0900][gc,marking  ] GC(2) Concurrent Clear Claimed Marks 0.020ms
[2022-01-22T00:36:05.669+0900][gc,marking  ] GC(2) Concurrent Scan Root Regions
[2022-01-22T00:36:05.670+0900][gc,marking  ] GC(2) Concurrent Scan Root Regions 1.932ms
[2022-01-22T00:36:05.672+0900][gc,marking  ] GC(2) Concurrent Mark
[2022-01-22T00:36:05.675+0900][gc,marking  ] GC(2) Concurrent Mark From Roots
[2022-01-22T00:36:05.675+0900][gc,task     ] GC(2) Using 2 workers of 2 for marking
[2022-01-22T00:36:05.676+0900][gc,marking  ] GC(2) Concurrent Mark From Roots 0.897ms
[2022-01-22T00:36:05.676+0900][gc,marking  ] GC(2) Concurrent Preclean
[2022-01-22T00:36:05.676+0900][gc,marking  ] GC(2) Concurrent Preclean 0.028ms
[2022-01-22T00:36:05.676+0900][gc,start    ] GC(2) Pause Remark
[2022-01-22T00:36:05.683+0900][gc          ] GC(2) Pause Remark 139M->139M(1024M) 6.884ms
[2022-01-22T00:36:05.683+0900][gc,cpu      ] GC(2) User=0.01s Sys=0.01s Real=0.01s
[2022-01-22T00:36:05.683+0900][gc,marking  ] GC(2) Concurrent Mark 11.079ms
[2022-01-22T00:36:05.683+0900][gc,marking  ] GC(2) Concurrent Rebuild Remembered Sets
[2022-01-22T00:36:05.685+0900][gc,marking  ] GC(2) Concurrent Rebuild Remembered Sets 1.619ms
[2022-01-22T00:36:05.686+0900][gc,start    ] GC(2) Pause Cleanup
[2022-01-22T00:36:05.686+0900][gc          ] GC(2) Pause Cleanup 139M->139M(1024M) 0.071ms
[2022-01-22T00:36:05.686+0900][gc,cpu      ] GC(2) User=0.00s Sys=0.00s Real=0.00s
[2022-01-22T00:36:05.686+0900][gc,marking  ] GC(2) Concurrent Cleanup for Next Mark
[2022-01-22T00:36:05.691+0900][gc,marking  ] GC(2) Concurrent Cleanup for Next Mark 5.395ms
[2022-01-22T00:36:05.691+0900][gc          ] GC(2) Concurrent Mark Cycle 22.938ms
[2022-01-22T00:36:06.931+0900][gc,start    ] GC(3) Pause Young (Normal) (G1 Evacuation Pause)
[2022-01-22T00:36:06.931+0900][gc,task     ] GC(3) Using 8 workers of 8 for evacuation
[2022-01-22T00:36:06.936+0900][gc,phases   ] GC(3)   Pre Evacuate Collection Set: 0.1ms
[2022-01-22T00:36:06.936+0900][gc,phases   ] GC(3)   Merge Heap Roots: 0.1ms
[2022-01-22T00:36:06.936+0900][gc,phases   ] GC(3)   Evacuate Collection Set: 3.9ms
[2022-01-22T00:36:06.936+0900][gc,phases   ] GC(3)   Post Evacuate Collection Set: 0.4ms
[2022-01-22T00:36:06.936+0900][gc,phases   ] GC(3)   Other: 0.1ms
[2022-01-22T00:36:06.936+0900][gc,heap     ] GC(3) Eden regions: 49->0(45)
[2022-01-22T00:36:06.936+0900][gc,heap     ] GC(3) Survivor regions: 2->6(7)
[2022-01-22T00:36:06.936+0900][gc,heap     ] GC(3) Old regions: 7->7
[2022-01-22T00:36:06.936+0900][gc,heap     ] GC(3) Archive regions: 2->2
[2022-01-22T00:36:06.936+0900][gc,heap     ] GC(3) Humongous regions: 129->129
[2022-01-22T00:36:06.936+0900][gc,metaspace] GC(3) Metaspace: 32266K(32512K)->32266K(32512K) NonClass: 28700K(28800K)->28700K(28800K) Class: 3566K(3712K)->3566K(3712K)
[2022-01-22T00:36:06.936+0900][gc          ] GC(3) Pause Young (Normal) (G1 Evacuation Pause) 187M->142M(1024M) 4.703ms
[2022-01-22T00:36:06.936+0900][gc,cpu      ] GC(3) User=0.02s Sys=0.00s Real=0.00s
[2022-01-22T00:45:38.607+0900][gc,start    ] GC(4) Pause Young (Concurrent Start) (Metadata GC Threshold)
[2022-01-22T00:45:38.608+0900][gc,task     ] GC(4) Using 8 workers of 8 for evacuation
[2022-01-22T00:45:38.628+0900][gc,phases   ] GC(4)   Pre Evacuate Collection Set: 0.9ms
[2022-01-22T00:45:38.628+0900][gc,phases   ] GC(4)   Merge Heap Roots: 1.0ms
[2022-01-22T00:45:38.628+0900][gc,phases   ] GC(4)   Evacuate Collection Set: 15.5ms
[2022-01-22T00:45:38.628+0900][gc,phases   ] GC(4)   Post Evacuate Collection Set: 1.3ms
[2022-01-22T00:45:38.628+0900][gc,phases   ] GC(4)   Other: 3.7ms
[2022-01-22T00:45:38.629+0900][gc,heap     ] GC(4) Eden regions: 19->0(49)
[2022-01-22T00:45:38.629+0900][gc,heap     ] GC(4) Survivor regions: 6->2(7)
[2022-01-22T00:45:38.629+0900][gc,heap     ] GC(4) Old regions: 7->12
[2022-01-22T00:45:38.629+0900][gc,heap     ] GC(4) Archive regions: 2->2
[2022-01-22T00:45:38.629+0900][gc,heap     ] GC(4) Humongous regions: 129->129
[2022-01-22T00:45:38.629+0900][gc,metaspace] GC(4) Metaspace: 35198K(35520K)->35198K(35520K) NonClass: 31197K(31424K)->31197K(31424K) Class: 4001K(4096K)->4001K(4096K)
[2022-01-22T00:45:38.629+0900][gc          ] GC(4) Pause Young (Concurrent Start) (Metadata GC Threshold) 160M->142M(1024M) 21.834ms
[2022-01-22T00:45:38.629+0900][gc,cpu      ] GC(4) User=0.03s Sys=0.03s Real=0.02s
[2022-01-22T00:45:38.629+0900][gc          ] GC(5) Concurrent Mark Cycle
[2022-01-22T00:45:38.629+0900][gc,marking  ] GC(5) Concurrent Clear Claimed Marks
[2022-01-22T00:45:38.629+0900][gc,marking  ] GC(5) Concurrent Clear Claimed Marks 0.035ms
[2022-01-22T00:45:38.629+0900][gc,marking  ] GC(5) Concurrent Scan Root Regions
[2022-01-22T00:45:38.633+0900][gc,marking  ] GC(5) Concurrent Scan Root Regions 3.459ms
[2022-01-22T00:45:38.633+0900][gc,marking  ] GC(5) Concurrent Mark
[2022-01-22T00:45:38.633+0900][gc,marking  ] GC(5) Concurrent Mark From Roots
[2022-01-22T00:45:38.633+0900][gc,task     ] GC(5) Using 2 workers of 2 for marking
[2022-01-22T00:45:38.641+0900][gc,marking  ] GC(5) Concurrent Mark From Roots 8.523ms
[2022-01-22T00:45:38.641+0900][gc,marking  ] GC(5) Concurrent Preclean
[2022-01-22T00:45:38.641+0900][gc,marking  ] GC(5) Concurrent Preclean 0.073ms
[2022-01-22T00:45:38.641+0900][gc,start    ] GC(5) Pause Remark
[2022-01-22T00:45:38.665+0900][gc,mmu      ] GC(5) MMU target violated: 21.0ms (20.0ms/21.0ms)
[2022-01-22T00:45:38.665+0900][gc          ] GC(5) Pause Remark 142M->142M(1024M) 23.891ms
[2022-01-22T00:45:38.665+0900][gc,cpu      ] GC(5) User=0.02s Sys=0.02s Real=0.02s
[2022-01-22T00:45:38.665+0900][gc,marking  ] GC(5) Concurrent Mark 32.895ms
[2022-01-22T00:45:38.665+0900][gc,marking  ] GC(5) Concurrent Rebuild Remembered Sets
[2022-01-22T00:45:38.671+0900][gc,marking  ] GC(5) Concurrent Rebuild Remembered Sets 5.190ms
[2022-01-22T00:45:38.671+0900][gc,start    ] GC(5) Pause Cleanup
[2022-01-22T00:45:38.671+0900][gc          ] GC(5) Pause Cleanup 143M->143M(1024M) 0.084ms
[2022-01-22T00:45:38.671+0900][gc,cpu      ] GC(5) User=0.00s Sys=0.00s Real=0.00s
[2022-01-22T00:45:38.671+0900][gc,marking  ] GC(5) Concurrent Cleanup for Next Mark
[2022-01-22T00:45:38.678+0900][gc,marking  ] GC(5) Concurrent Cleanup for Next Mark 7.415ms
[2022-01-22T00:45:38.678+0900][gc          ] GC(5) Concurrent Mark Cycle 49.408ms
[2022-01-22T00:45:41.654+0900][gc,heap,exit] Heap
[2022-01-22T00:45:41.654+0900][gc,heap,exit]  garbage-first heap   total 1048576K, used 154544K [0x00000007c0000000, 0x0000000800000000)
[2022-01-22T00:45:41.654+0900][gc,heap,exit]   region size 1024K, 10 young (10240K), 2 survivors (2048K)
[2022-01-22T00:45:41.654+0900][gc,heap,exit]  Metaspace       used 35392K, committed 35712K, reserved 1081344K
[2022-01-22T00:45:41.654+0900][gc,heap,exit]   class space    used 4059K, committed 4160K, reserved 1048576K
