[2022-01-22T00:49:27.909+0900][gc] Using G1
[2022-01-22T00:49:27.914+0900][gc,init] Version: 16.0.2+7-67 (release)
[2022-01-22T00:49:27.914+0900][gc,init] CPUs: 8 total, 8 available
[2022-01-22T00:49:27.914+0900][gc,init] Memory: 8192M
[2022-01-22T00:49:27.914+0900][gc,init] Large Page Support: Disabled
[2022-01-22T00:49:27.914+0900][gc,init] NUMA Support: Disabled
[2022-01-22T00:49:27.914+0900][gc,init] Compressed Oops: Enabled (Zero based)
[2022-01-22T00:49:27.914+0900][gc,init] Heap Region Size: 1M
[2022-01-22T00:49:27.914+0900][gc,init] Heap Min Capacity: 1G
[2022-01-22T00:49:27.914+0900][gc,init] Heap Initial Capacity: 1G
[2022-01-22T00:49:27.914+0900][gc,init] Heap Max Capacity: 1G
[2022-01-22T00:49:27.914+0900][gc,init] Pre-touch: Disabled
[2022-01-22T00:49:27.914+0900][gc,init] Parallel Workers: 8
[2022-01-22T00:49:27.914+0900][gc,init] Concurrent Workers: 2
[2022-01-22T00:49:27.914+0900][gc,init] Concurrent Refinement Workers: 8
[2022-01-22T00:49:27.914+0900][gc,init] Periodic GC: Disabled
[2022-01-22T00:49:27.914+0900][gc,metaspace] CDS archive(s) mapped at: [0x0000000800000000-0x0000000800bb9000-0x0000000800bb9000), size 12292096, SharedBaseAddress: 0x0000000800000000, ArchiveRelocationMode: 0.
[2022-01-22T00:49:27.914+0900][gc,metaspace] Compressed class space mapped at: 0x0000000800c00000-0x0000000840c00000, reserved size: 1073741824
[2022-01-22T00:49:27.914+0900][gc,metaspace] Narrow klass base: 0x0000000800000000, Narrow klass shift: 3, Narrow klass range: 0x100000000
[2022-01-22T00:49:29.644+0900][gc,start    ] GC(0) Pause Young (Normal) (G1 Evacuation Pause)
[2022-01-22T00:49:29.644+0900][gc,task     ] GC(0) Using 8 workers of 8 for evacuation
[2022-01-22T00:49:29.654+0900][gc,phases   ] GC(0)   Pre Evacuate Collection Set: 0.4ms
[2022-01-22T00:49:29.654+0900][gc,phases   ] GC(0)   Merge Heap Roots: 0.0ms
[2022-01-22T00:49:29.654+0900][gc,phases   ] GC(0)   Evacuate Collection Set: 9.0ms
[2022-01-22T00:49:29.654+0900][gc,phases   ] GC(0)   Post Evacuate Collection Set: 0.6ms
[2022-01-22T00:49:29.654+0900][gc,phases   ] GC(0)   Other: 0.6ms
[2022-01-22T00:49:29.654+0900][gc,heap     ] GC(0) Eden regions: 51->0(44)
[2022-01-22T00:49:29.654+0900][gc,heap     ] GC(0) Survivor regions: 0->7(7)
[2022-01-22T00:49:29.654+0900][gc,heap     ] GC(0) Old regions: 0->0
[2022-01-22T00:49:29.654+0900][gc,heap     ] GC(0) Archive regions: 2->2
[2022-01-22T00:49:29.654+0900][gc,heap     ] GC(0) Humongous regions: 0->0
[2022-01-22T00:49:29.654+0900][gc,metaspace] GC(0) Metaspace: 17965K(18176K)->17965K(18176K) NonClass: 15839K(15936K)->15839K(15936K) Class: 2125K(2240K)->2125K(2240K)
[2022-01-22T00:49:29.654+0900][gc          ] GC(0) Pause Young (Normal) (G1 Evacuation Pause) 51M->7M(1024M) 10.757ms
[2022-01-22T00:49:29.654+0900][gc,cpu      ] GC(0) User=0.02s Sys=0.01s Real=0.01s
[2022-01-22T00:49:30.016+0900][gc,start    ] GC(1) Pause Young (Concurrent Start) (Metadata GC Threshold)
[2022-01-22T00:49:30.017+0900][gc,task     ] GC(1) Using 8 workers of 8 for evacuation
[2022-01-22T00:49:30.024+0900][gc,phases   ] GC(1)   Pre Evacuate Collection Set: 0.1ms
[2022-01-22T00:49:30.024+0900][gc,phases   ] GC(1)   Merge Heap Roots: 0.0ms
[2022-01-22T00:49:30.024+0900][gc,phases   ] GC(1)   Evacuate Collection Set: 7.4ms
[2022-01-22T00:49:30.024+0900][gc,phases   ] GC(1)   Post Evacuate Collection Set: 0.3ms
[2022-01-22T00:49:30.024+0900][gc,phases   ] GC(1)   Other: 0.2ms
[2022-01-22T00:49:30.025+0900][gc,heap     ] GC(1) Eden regions: 14->0(49)
[2022-01-22T00:49:30.025+0900][gc,heap     ] GC(1) Survivor regions: 7->2(7)
[2022-01-22T00:49:30.025+0900][gc,heap     ] GC(1) Old regions: 0->7
[2022-01-22T00:49:30.025+0900][gc,heap     ] GC(1) Archive regions: 2->2
[2022-01-22T00:49:30.025+0900][gc,heap     ] GC(1) Humongous regions: 129->129
[2022-01-22T00:49:30.025+0900][gc,metaspace] GC(1) Metaspace: 21079K(21248K)->21079K(21248K) NonClass: 18554K(18624K)->18554K(18624K) Class: 2524K(2624K)->2524K(2624K)
[2022-01-22T00:49:30.025+0900][gc          ] GC(1) Pause Young (Concurrent Start) (Metadata GC Threshold) 149M->138M(1024M) 8.119ms
[2022-01-22T00:49:30.025+0900][gc,cpu      ] GC(1) User=0.01s Sys=0.01s Real=0.01s
[2022-01-22T00:49:30.025+0900][gc          ] GC(2) Concurrent Mark Cycle
[2022-01-22T00:49:30.025+0900][gc,marking  ] GC(2) Concurrent Clear Claimed Marks
[2022-01-22T00:49:30.025+0900][gc,marking  ] GC(2) Concurrent Clear Claimed Marks 0.021ms
[2022-01-22T00:49:30.025+0900][gc,marking  ] GC(2) Concurrent Scan Root Regions
[2022-01-22T00:49:30.027+0900][gc,marking  ] GC(2) Concurrent Scan Root Regions 2.080ms
[2022-01-22T00:49:30.033+0900][gc,marking  ] GC(2) Concurrent Mark
[2022-01-22T00:49:30.033+0900][gc,marking  ] GC(2) Concurrent Mark From Roots
[2022-01-22T00:49:30.033+0900][gc,task     ] GC(2) Using 2 workers of 2 for marking
[2022-01-22T00:49:30.034+0900][gc,marking  ] GC(2) Concurrent Mark From Roots 1.628ms
[2022-01-22T00:49:30.034+0900][gc,marking  ] GC(2) Concurrent Preclean
[2022-01-22T00:49:30.035+0900][gc,marking  ] GC(2) Concurrent Preclean 0.595ms
[2022-01-22T00:49:30.035+0900][gc,start    ] GC(2) Pause Remark
[2022-01-22T00:49:30.042+0900][gc          ] GC(2) Pause Remark 139M->139M(1024M) 6.931ms
[2022-01-22T00:49:30.042+0900][gc,cpu      ] GC(2) User=0.01s Sys=0.01s Real=0.01s
[2022-01-22T00:49:30.042+0900][gc,marking  ] GC(2) Concurrent Mark 9.637ms
[2022-01-22T00:49:30.042+0900][gc,marking  ] GC(2) Concurrent Rebuild Remembered Sets
[2022-01-22T00:49:30.045+0900][gc,marking  ] GC(2) Concurrent Rebuild Remembered Sets 2.708ms
[2022-01-22T00:49:30.049+0900][gc,start    ] GC(2) Pause Cleanup
[2022-01-22T00:49:30.049+0900][gc          ] GC(2) Pause Cleanup 139M->139M(1024M) 0.089ms
[2022-01-22T00:49:30.049+0900][gc,cpu      ] GC(2) User=0.00s Sys=0.00s Real=0.00s
[2022-01-22T00:49:30.049+0900][gc,marking  ] GC(2) Concurrent Cleanup for Next Mark
[2022-01-22T00:49:30.058+0900][gc,marking  ] GC(2) Concurrent Cleanup for Next Mark 8.606ms
[2022-01-22T00:49:30.058+0900][gc          ] GC(2) Concurrent Mark Cycle 33.073ms
[2022-01-22T00:49:31.181+0900][gc,start    ] GC(3) Pause Young (Normal) (G1 Evacuation Pause)
[2022-01-22T00:49:31.181+0900][gc,task     ] GC(3) Using 8 workers of 8 for evacuation
[2022-01-22T00:49:31.185+0900][gc,phases   ] GC(3)   Pre Evacuate Collection Set: 0.1ms
[2022-01-22T00:49:31.185+0900][gc,phases   ] GC(3)   Merge Heap Roots: 0.1ms
[2022-01-22T00:49:31.185+0900][gc,phases   ] GC(3)   Evacuate Collection Set: 3.3ms
[2022-01-22T00:49:31.185+0900][gc,phases   ] GC(3)   Post Evacuate Collection Set: 0.4ms
[2022-01-22T00:49:31.185+0900][gc,phases   ] GC(3)   Other: 0.1ms
[2022-01-22T00:49:31.185+0900][gc,heap     ] GC(3) Eden regions: 49->0(45)
[2022-01-22T00:49:31.185+0900][gc,heap     ] GC(3) Survivor regions: 2->6(7)
[2022-01-22T00:49:31.185+0900][gc,heap     ] GC(3) Old regions: 7->7
[2022-01-22T00:49:31.185+0900][gc,heap     ] GC(3) Archive regions: 2->2
[2022-01-22T00:49:31.185+0900][gc,heap     ] GC(3) Humongous regions: 129->129
[2022-01-22T00:49:31.185+0900][gc,metaspace] GC(3) Metaspace: 32457K(32704K)->32457K(32704K) NonClass: 28869K(28992K)->28869K(28992K) Class: 3588K(3712K)->3588K(3712K)
[2022-01-22T00:49:31.185+0900][gc          ] GC(3) Pause Young (Normal) (G1 Evacuation Pause) 187M->142M(1024M) 4.132ms
[2022-01-22T00:49:31.185+0900][gc,cpu      ] GC(3) User=0.02s Sys=0.01s Real=0.00s
[2022-01-22T01:42:21.384+0900][gc,start    ] GC(4) Pause Young (Concurrent Start) (Metadata GC Threshold)
[2022-01-22T01:42:21.385+0900][gc,task     ] GC(4) Using 8 workers of 8 for evacuation
[2022-01-22T01:42:21.401+0900][gc,phases   ] GC(4)   Pre Evacuate Collection Set: 1.1ms
[2022-01-22T01:42:21.401+0900][gc,phases   ] GC(4)   Merge Heap Roots: 0.7ms
[2022-01-22T01:42:21.401+0900][gc,phases   ] GC(4)   Evacuate Collection Set: 11.7ms
[2022-01-22T01:42:21.401+0900][gc,phases   ] GC(4)   Post Evacuate Collection Set: 1.0ms
[2022-01-22T01:42:21.401+0900][gc,phases   ] GC(4)   Other: 4.1ms
[2022-01-22T01:42:21.402+0900][gc,heap     ] GC(4) Eden regions: 33->0(50)
[2022-01-22T01:42:21.402+0900][gc,heap     ] GC(4) Survivor regions: 6->1(7)
[2022-01-22T01:42:21.402+0900][gc,heap     ] GC(4) Old regions: 7->12
[2022-01-22T01:42:21.402+0900][gc,heap     ] GC(4) Archive regions: 2->2
[2022-01-22T01:42:21.402+0900][gc,heap     ] GC(4) Humongous regions: 129->129
[2022-01-22T01:42:21.402+0900][gc,metaspace] GC(4) Metaspace: 35272K(35520K)->35272K(35520K) NonClass: 31280K(31424K)->31280K(31424K) Class: 3992K(4096K)->3992K(4096K)
[2022-01-22T01:42:21.402+0900][gc          ] GC(4) Pause Young (Concurrent Start) (Metadata GC Threshold) 175M->142M(1024M) 17.466ms
[2022-01-22T01:42:21.402+0900][gc,cpu      ] GC(4) User=0.02s Sys=0.03s Real=0.02s
[2022-01-22T01:42:21.402+0900][gc          ] GC(5) Concurrent Mark Cycle
[2022-01-22T01:42:21.402+0900][gc,marking  ] GC(5) Concurrent Clear Claimed Marks
[2022-01-22T01:42:21.402+0900][gc,marking  ] GC(5) Concurrent Clear Claimed Marks 0.024ms
[2022-01-22T01:42:21.402+0900][gc,marking  ] GC(5) Concurrent Scan Root Regions
[2022-01-22T01:42:21.405+0900][gc,marking  ] GC(5) Concurrent Scan Root Regions 3.288ms
[2022-01-22T01:42:21.405+0900][gc,marking  ] GC(5) Concurrent Mark
[2022-01-22T01:42:21.405+0900][gc,marking  ] GC(5) Concurrent Mark From Roots
[2022-01-22T01:42:21.405+0900][gc,task     ] GC(5) Using 2 workers of 2 for marking
[2022-01-22T01:42:21.411+0900][gc,marking  ] GC(5) Concurrent Mark From Roots 5.314ms
[2022-01-22T01:42:21.411+0900][gc,marking  ] GC(5) Concurrent Preclean
[2022-01-22T01:42:21.411+0900][gc,marking  ] GC(5) Concurrent Preclean 0.166ms
[2022-01-22T01:42:21.411+0900][gc,start    ] GC(5) Pause Remark
[2022-01-22T01:42:21.448+0900][gc,mmu      ] GC(5) MMU target violated: 21.0ms (20.0ms/21.0ms)
[2022-01-22T01:42:21.448+0900][gc          ] GC(5) Pause Remark 142M->142M(1024M) 36.876ms
[2022-01-22T01:42:21.448+0900][gc,cpu      ] GC(5) User=0.02s Sys=0.04s Real=0.03s
[2022-01-22T01:42:21.448+0900][gc,marking  ] GC(5) Concurrent Mark 42.814ms
[2022-01-22T01:42:21.448+0900][gc,marking  ] GC(5) Concurrent Rebuild Remembered Sets
[2022-01-22T01:42:21.455+0900][gc,marking  ] GC(5) Concurrent Rebuild Remembered Sets 6.776ms
[2022-01-22T01:42:21.455+0900][gc,start    ] GC(5) Pause Cleanup
[2022-01-22T01:42:21.455+0900][gc          ] GC(5) Pause Cleanup 143M->143M(1024M) 0.094ms
[2022-01-22T01:42:21.455+0900][gc,cpu      ] GC(5) User=0.00s Sys=0.00s Real=0.00s
[2022-01-22T01:42:21.455+0900][gc,marking  ] GC(5) Concurrent Cleanup for Next Mark
[2022-01-22T01:42:21.464+0900][gc,marking  ] GC(5) Concurrent Cleanup for Next Mark 8.363ms
[2022-01-22T01:42:21.464+0900][gc          ] GC(5) Concurrent Mark Cycle 62.058ms
[2022-01-22T01:42:24.642+0900][gc,heap,exit] Heap
[2022-01-22T01:42:24.642+0900][gc,heap,exit]  garbage-first heap   total 1048576K, used 155274K [0x00000007c0000000, 0x0000000800000000)
[2022-01-22T01:42:24.642+0900][gc,heap,exit]   region size 1024K, 10 young (10240K), 1 survivors (1024K)
[2022-01-22T01:42:24.642+0900][gc,heap,exit]  Metaspace       used 35595K, committed 35840K, reserved 1081344K
[2022-01-22T01:42:24.642+0900][gc,heap,exit]   class space    used 4056K, committed 4160K, reserved 1048576K
