[2022-01-22T00:32:49.320+0900][gc] Using G1
[2022-01-22T00:32:49.322+0900][gc,init] Version: 16.0.2+7-67 (release)
[2022-01-22T00:32:49.322+0900][gc,init] CPUs: 8 total, 8 available
[2022-01-22T00:32:49.322+0900][gc,init] Memory: 8192M
[2022-01-22T00:32:49.322+0900][gc,init] Large Page Support: Disabled
[2022-01-22T00:32:49.322+0900][gc,init] NUMA Support: Disabled
[2022-01-22T00:32:49.322+0900][gc,init] Compressed Oops: Enabled (Zero based)
[2022-01-22T00:32:49.322+0900][gc,init] Heap Region Size: 1M
[2022-01-22T00:32:49.322+0900][gc,init] Heap Min Capacity: 512M
[2022-01-22T00:32:49.322+0900][gc,init] Heap Initial Capacity: 512M
[2022-01-22T00:32:49.322+0900][gc,init] Heap Max Capacity: 512M
[2022-01-22T00:32:49.322+0900][gc,init] Pre-touch: Disabled
[2022-01-22T00:32:49.322+0900][gc,init] Parallel Workers: 8
[2022-01-22T00:32:49.322+0900][gc,init] Concurrent Workers: 2
[2022-01-22T00:32:49.322+0900][gc,init] Concurrent Refinement Workers: 8
[2022-01-22T00:32:49.322+0900][gc,init] Periodic GC: Disabled
[2022-01-22T00:32:49.323+0900][gc,metaspace] CDS archive(s) mapped at: [0x0000000800000000-0x0000000800bb9000-0x0000000800bb9000), size 12292096, SharedBaseAddress: 0x0000000800000000, ArchiveRelocationMode: 0.
[2022-01-22T00:32:49.323+0900][gc,metaspace] Compressed class space mapped at: 0x0000000800c00000-0x0000000840c00000, reserved size: 1073741824
[2022-01-22T00:32:49.323+0900][gc,metaspace] Narrow klass base: 0x0000000800000000, Narrow klass shift: 3, Narrow klass range: 0x100000000
[2022-01-22T00:36:04.839+0900][gc,start    ] GC(0) Pause Young (Normal) (G1 Evacuation Pause)
[2022-01-22T00:36:04.840+0900][gc,task     ] GC(0) Using 8 workers of 8 for evacuation
[2022-01-22T00:36:04.858+0900][gc,phases   ] GC(0)   Pre Evacuate Collection Set: 0.3ms
[2022-01-22T00:36:04.858+0900][gc,phases   ] GC(0)   Merge Heap Roots: 0.0ms
[2022-01-22T00:36:04.858+0900][gc,phases   ] GC(0)   Evacuate Collection Set: 16.9ms
[2022-01-22T00:36:04.858+0900][gc,phases   ] GC(0)   Post Evacuate Collection Set: 0.6ms
[2022-01-22T00:36:04.858+0900][gc,phases   ] GC(0)   Other: 0.8ms
[2022-01-22T00:36:04.858+0900][gc,heap     ] GC(0) Eden regions: 25->0(21)
[2022-01-22T00:36:04.858+0900][gc,heap     ] GC(0) Survivor regions: 0->4(4)
[2022-01-22T00:36:04.858+0900][gc,heap     ] GC(0) Old regions: 0->4
[2022-01-22T00:36:04.858+0900][gc,heap     ] GC(0) Archive regions: 2->2
[2022-01-22T00:36:04.858+0900][gc,heap     ] GC(0) Humongous regions: 0->0
[2022-01-22T00:36:04.858+0900][gc,metaspace] GC(0) Metaspace: 7974K(8128K)->7974K(8128K) NonClass: 7097K(7168K)->7097K(7168K) Class: 876K(960K)->876K(960K)
[2022-01-22T00:36:04.858+0900][gc          ] GC(0) Pause Young (Normal) (G1 Evacuation Pause) 25M->8M(512M) 18.721ms
[2022-01-22T00:36:04.858+0900][gc,cpu      ] GC(0) User=0.02s Sys=0.02s Real=0.02s
[2022-01-22T00:45:43.504+0900][gc,heap,exit] Heap
[2022-01-22T00:45:43.504+0900][gc,heap,exit]  garbage-first heap   total 524288K, used 13040K [0x00000007e0000000, 0x0000000800000000)
[2022-01-22T00:45:43.504+0900][gc,heap,exit]   region size 1024K, 9 young (9216K), 4 survivors (4096K)
[2022-01-22T00:45:43.504+0900][gc,heap,exit]  Metaspace       used 8360K, committed 8512K, reserved 1056768K
[2022-01-22T00:45:43.504+0900][gc,heap,exit]   class space    used 897K, committed 960K, reserved 1048576K
